Model: google/gemma-2-2b
Pair:  p4-a-to-b
Donor     ("who"):
The sun goes up, the sun goes down,
The moon shines bright above the town.
Nobody knows or remembers who,

Recipient ("when"):
The sun goes up, the sun goes down,
The moon shines bright above the town.
Nobody knows or remembers when,

Donor newline @ 27 (28 tokens); recipient newline @ 27 (28 tokens); 26 layers
Mid-line control: patching donor position 21 into recipient position 21 (6 tokens before the newline)
Newline rows differ least at cosine 0.8576 (layer 23); most at relative L2 0.5449

Baseline greedy line: "The sun will rise or when it will set." (final-word slot 36)
Identity control: greedy identical, max |dP| 6.548e-10 -> pass

Layer trace (single-layer patch at the newline):
  best P(donor) at layer 15
  [baseline    ] greedy="The sun will rise or when it will set."  P(donor)=3.6938e-7  P(recipient)=1.3693e-4
  [all-layer   ] greedy="The sun goes up, the sun goes down."  P(donor)=1.6145e-8  P(recipient)=2.2491e-6
  [single-layer] greedy="The sun will rise or when it will set."  P(donor)=3.9658e-7  P(recipient)=1.4817e-4

Wrote docs/experiments/figure13-patching/midline_gemma-2-2b_p4-a-to-b.json

Total elapsed: 300.50s
