Model: google/gemma-2-2b
Pair:  p3-a-to-b
Donor     ("shout"):
A sailor sailed across the bay,
And dreamed of home throughout the day.
He raised his voice and gave a shout,

Recipient ("sigh"):
A sailor sailed across the bay,
And dreamed of home throughout the day.
He raised his voice and gave a sigh,

Donor newline @ 27 (28 tokens); recipient newline @ 27 (28 tokens); 26 layers
Mid-line control: patching donor position 21 into recipient position 21 (6 tokens before the newline)
Newline rows differ least at cosine 0.9314 (layer 5); most at relative L2 0.3724

Baseline greedy line: "And said, “I’m going home today.”" (final-word slot 37)
Identity control: greedy identical, max |dP| 8.640e-12 -> pass

Layer trace (single-layer patch at the newline):
  best P(donor) at layer 9
  [baseline    ] greedy="And said, “I’m going home today.”"  P(donor)=4.8856e-9  P(recipient)=1.0002e-6
  [all-layer   ] greedy="And said, \"I'm going home today.\""  P(donor)=1.1997e-8  P(recipient)=4.0688e-6
  [single-layer] greedy="And said, “I’m going home today.”"  P(donor)=3.6020e-8  P(recipient)=3.2003e-7

Wrote docs/experiments/figure13-patching/midline_gemma-2-2b_p3-a-to-b.json

Total elapsed: 313.04s
