Model: google/gemma-2-2b
Pair:  p3-a-to-b
Donor     ("shout"):
A sailor sailed across the bay,
And dreamed of home throughout the day.
He raised his voice and gave a shout,

Recipient ("sigh"):
A sailor sailed across the bay,
And dreamed of home throughout the day.
He raised his voice and gave a sigh,

Donor newline @ 27 (28 tokens); recipient newline @ 27 (28 tokens); 26 layers
Mid-line control: donor row from position 21 into recipient position 21 (6 tokens before each newline)
Newline rows differ least at cosine 0.2190 (layer 0); most at relative L2 1.8728

Baseline greedy line: "And said, “I’m going home today.”" (final-word slot 37)
Identity control: greedy identical, max |dP| 8.640e-12 -> pass

Layer trace (single-layer patch at the newline):
  best P(donor) at layer 12
  [baseline    ] greedy="And said, “I’m going home today.”"  P(donor)=4.8856e-9  P(recipient)=1.0002e-6
  [all-layer   ] greedy="And said, “I’m going home today.”"  P(donor)=4.8856e-9  P(recipient)=1.0002e-6
  [single-layer] greedy="And said, “I’m going home today.”"  P(donor)=4.8856e-9  P(recipient)=1.0002e-6

Wrote docs/experiments/figure13-patching/midline_gemma-2-2b_p3-a-to-b.json

Total elapsed: 324.20s
