Model: google/gemma-2-2b
Pair:  p2-b-to-a
Donor     ("now"):
A sailor sailed across the bay,
And dreamed of home throughout the day.
The world keeps spinning even now,

Recipient ("so"):
A sailor sailed across the bay,
And dreamed of home throughout the day.
The world keeps spinning even so,

Donor newline @ 25 (26 tokens); recipient newline @ 25 (26 tokens); 26 layers
Mid-line control: donor row from position 19 into recipient position 19 (6 tokens before each newline)
Newline rows differ least at cosine 0.2154 (layer 2); most at relative L2 1.7811

Baseline greedy line: "And the sailor's dreams are still his own." (final-word slot 35)
Identity control: greedy identical, max |dP| 6.810e-9 -> pass

Layer trace (single-layer patch at the newline):
  best P(donor) at layer 3
  [baseline    ] greedy="And the sailor's dreams are still his own."  P(donor)=5.1915e-4  P(recipient)=2.9719e-4
  [all-layer   ] greedy="And the sailor's dreams are still his own."  P(donor)=5.1915e-4  P(recipient)=2.9719e-4
  [single-layer] greedy="And the sailor's dreams are still his own."  P(donor)=5.1915e-4  P(recipient)=2.9719e-4

Wrote docs/experiments/figure13-patching/midline_gemma-2-2b_p2-b-to-a.json

Total elapsed: 317.13s
