Model: google/gemma-2-2b
Pair:  p1-b-to-a
Donor     ("alone"):
The stars were twinkling in the night,
The lanterns cast a golden light.
She wandered in the dark alone,

Recipient ("about"):
The stars were twinkling in the night,
The lanterns cast a golden light.
She wandered in the dark about,

Donor newline @ 25 (26 tokens); recipient newline @ 25 (26 tokens); 26 layers
Newline rows differ least at cosine 0.9250 (layer 5); most at relative L2 0.3833

Baseline greedy line: "Her heart was filled with doubt." (final-word slot 31)
Identity control: greedy identical, max |dP| 0.000e0 -> pass

Layer trace (single-layer patch at the newline):
  best P(donor) at layer 16
  [baseline    ] greedy="Her heart was filled with doubt."  P(donor)=1.5382e-7  P(recipient)=1.5004e-4
  [all-layer   ] greedy="Her heart was filled with doubt."  P(donor)=1.6337e-7  P(recipient)=1.7019e-4
  [single-layer] greedy="Her heart was filled with doubt."  P(donor)=1.7181e-7  P(recipient)=1.2707e-4

Wrote docs/experiments/figure13-patching/patch_gemma-2-2b_p1-b-to-a_s2.json

Total elapsed: 291.38s
