Model: google/gemma-2-2b
Pair:  p4-a-to-b
Donor     ("then"):
The sun goes up, the sun goes down,
The moon shines bright above the town.
Nobody knows or remembers then,

Recipient ("when"):
The sun goes up, the sun goes down,
The moon shines bright above the town.
Nobody knows or remembers when,

Donor newline @ 27 (28 tokens); recipient newline @ 27 (28 tokens); 26 layers
Newline rows differ least at cosine 0.9247 (layer 19); most at relative L2 0.4075

Baseline greedy line: "The sun will rise or when it will set." (final-word slot 36)
Identity control: greedy identical, max |dP| 8.789e-9 -> pass

Layer trace (single-layer patch at the newline):
  best P(donor) at layer 23
  [baseline    ] greedy="The sun will rise or when it will set."  P(donor)=8.7066e-4  P(recipient)=1.3693e-4
  [all-layer   ] greedy="The sun goes up, the sun goes down."  P(donor)=7.1609e-4  P(recipient)=1.1200e-4
  [single-layer] greedy="The sun will rise or when it will set."  P(donor)=8.7274e-4  P(recipient)=1.3823e-4

Wrote docs/experiments/figure13-patching/samerime_gemma-2-2b_p4-a-to-b.json

Total elapsed: 325.04s
