Model: google/gemma-2-2b
Pair:  p2-b-to-a
Donor     ("though"):
A sailor sailed across the bay,
And dreamed of home throughout the day.
The world keeps spinning even though,

Recipient ("so"):
A sailor sailed across the bay,
And dreamed of home throughout the day.
The world keeps spinning even so,

Donor newline @ 25 (26 tokens); recipient newline @ 25 (26 tokens); 26 layers
Newline rows differ least at cosine 0.8914 (layer 19); most at relative L2 0.4534

Baseline greedy line: "And the sailor's dreams are still his own." (final-word slot 35)
Identity control: greedy identical, max |dP| 9.313e-9 -> pass

Layer trace (single-layer patch at the newline):
  best P(donor) at layer 8
  [baseline    ] greedy="And the sailor's dreams are still his own."  P(donor)=6.3413e-4  P(recipient)=2.9719e-4
  [all-layer   ] greedy="He’s still a sailor, and he’s still a man."  P(donor)=9.3618e-4  P(recipient)=3.2303e-4
  [single-layer] greedy="And the sailor's dreams are still his own."  P(donor)=8.8710e-4  P(recipient)=3.9739e-4

Wrote docs/experiments/figure13-patching/samerime_gemma-2-2b_p2-b-to-a.json

Total elapsed: 328.25s
