Model: google/gemma-2-2b
Pair:  p1-a-to-b
Donor     ("unknown"):
The stars were twinkling in the night,
The lanterns cast a golden light.
She wandered in the dark, unknown,

Recipient ("alone"):
The stars were twinkling in the night,
The lanterns cast a golden light.
She wandered in the dark alone,

Donor newline @ 26 (27 tokens); recipient newline @ 25 (26 tokens); 26 layers
Newline rows differ least at cosine 0.9673 (layer 5); most at relative L2 0.2562

Baseline greedy line: "Her heart was heavy, her soul was gone." (final-word slot 34)
Identity control: greedy identical, max |dP| 3.632e-8 -> pass

Layer trace (single-layer patch at the newline):
  best P(donor) at layer 15
  [baseline    ] greedy="Her heart was heavy, her soul was gone."  P(donor)=9.8117e-3  P(recipient)=2.1751e-3
  [all-layer   ] greedy="The moon was shining on her face."  P(donor)=9.5678e-3  P(recipient)=1.5670e-3
  [single-layer] greedy="Her heart was heavy, her soul was gone."  P(donor)=1.0715e-2  P(recipient)=1.8957e-3

Wrote docs/experiments/figure13-patching/samerime_gemma-2-2b_p1-a-to-b.json

Total elapsed: 308.03s
