hmn watch: device 0 [NVIDIA GeForce RTX 5060 Ti], interval 30.0s, following top 3 by committed (re-selected every interval), 3 initially
hmn watch: +60.1s followed set changed: entered pid=13112 (figure13_newline_steering.exe); left pid=23392 (figure13_newline_steering.exe)
hmn watch: +150.3s followed set changed: entered pid=14872 (Code.exe); left pid=13112 (figure13_newline_steering.exe)
hmn watch: +180.3s followed set changed: entered pid=20616 (figure13_newline_steering.exe); left pid=14872 (Code.exe)
hmn watch: +270.4s followed set changed: entered pid=6440 (figure13_newline_steering.exe); left pid=20616 (figure13_newline_steering.exe)
hmn watch: +360.6s followed set changed: entered pid=2464 (figure13_newline_steering.exe); left pid=6440 (figure13_newline_steering.exe)
hmn watch: +450.7s followed set changed: entered pid=14452 (figure13_newline_steering.exe); left pid=2464 (figure13_newline_steering.exe)
hmn watch: +540.9s followed set changed: entered pid=11896 (figure13_newline_steering.exe); left pid=14452 (figure13_newline_steering.exe)
hmn watch: +631.0s followed set changed: entered pid=24808 (figure13_newline_steering.exe); left pid=11896 (figure13_newline_steering.exe)
hmn watch: +721.2s followed set changed: entered pid=13960 (figure13_newline_steering.exe); left pid=24808 (figure13_newline_steering.exe)
hmn watch: +1111.8s followed set changed: entered pid=24432 (figure13_newline_steering.exe); left pid=13960 (figure13_newline_steering.exe)
hmn watch: +1472.5s followed set changed: entered pid=20040 (figure13_newline_steering.exe); left pid=24432 (figure13_newline_steering.exe)
hmn watch: +1893.2s followed set changed: entered pid=22176 (figure13_newline_steering.exe); left pid=20040 (figure13_newline_steering.exe)
hmn watch: +2253.8s followed set changed: entered pid=14752 (figure13_newline_steering.exe); left pid=22176 (figure13_newline_steering.exe)
hmn watch: +2644.4s followed set changed: entered pid=4388 (figure13_newline_steering.exe); left pid=14752 (figure13_newline_steering.exe)
hmn watch: +3005.0s followed set changed: entered pid=23512 (figure13_newline_steering.exe); left pid=4388 (figure13_newline_steering.exe)
hmn watch: +3395.7s followed set changed: entered pid=14872 (Code.exe); left pid=23512 (figure13_newline_steering.exe)
hmn watch: +3425.8s followed set changed: entered pid=22704 (figure13_newline_steering.exe); left pid=14872 (Code.exe)
hmn watch: +3786.4s followed set changed: entered pid=10012 (figure13_newline_steering.exe); left pid=22704 (figure13_newline_steering.exe)
hmn watch: +4147.0s followed set changed: entered pid=10644 (figure13_newline_steering.exe); left pid=10012 (figure13_newline_steering.exe)
hmn watch: +4537.6s followed set changed: entered pid=15296 (figure13_newline_steering.exe); left pid=10644 (figure13_newline_steering.exe)
hmn watch: +4928.3s followed set changed: entered pid=9292 (figure13_newline_steering.exe); left pid=15296 (figure13_newline_steering.exe)
hmn watch: +5319.0s followed set changed: entered pid=2800 (figure13_newline_steering.exe); left pid=9292 (figure13_newline_steering.exe)
hmn watch: +5709.6s followed set changed: entered pid=15744 (figure13_newline_steering.exe); left pid=2800 (figure13_newline_steering.exe)
hmn watch: +6130.3s followed set changed: entered pid=26008 (figure13_newline_steering.exe); left pid=15744 (figure13_newline_steering.exe)
hmn watch: +6581.1s followed set changed: entered pid=12604 (figure13_newline_steering.exe); left pid=26008 (figure13_newline_steering.exe)
hmn watch: +7001.8s followed set changed: entered pid=20512 (figure13_newline_steering.exe); left pid=12604 (figure13_newline_steering.exe)
hmn watch: +7422.6s followed set changed: entered pid=4684 (figure13_newline_steering.exe); left pid=20512 (figure13_newline_steering.exe)
hmn watch: +7843.3s followed set changed: entered pid=19716 (figure13_newline_steering.exe); left pid=4684 (figure13_newline_steering.exe)
hmn watch: +8264.0s followed set changed: entered pid=18408 (figure13_newline_steering.exe); left pid=19716 (figure13_newline_steering.exe)
hmn watch: +8684.7s followed set changed: entered pid=4900 (figure13_newline_steering.exe); left pid=18408 (figure13_newline_steering.exe)
hmn watch: +9075.4s followed set changed: entered pid=26084 (figure13_newline_steering.exe); left pid=4900 (figure13_newline_steering.exe)
hmn watch: +9496.1s followed set changed: entered pid=11448 (figure13_newline_steering.exe); left pid=26084 (figure13_newline_steering.exe)
hmn watch: +9946.9s followed set changed: entered pid=18648 (figure13_newline_steering.exe); left pid=11448 (figure13_newline_steering.exe)
hmn watch: +10367.6s followed set changed: entered pid=25776 (figure13_newline_steering.exe); left pid=18648 (figure13_newline_steering.exe)
hmn watch: +10427.7s followed set changed: entered pid=7040 (firefox.exe); left pid=10188 (SamsungMagician.exe)
hmn watch: +10457.7s followed set changed: entered pid=20172 (figure13_newline_steering.exe); left pid=25776 (figure13_newline_steering.exe)
hmn watch: +10517.8s followed set changed: entered pid=4956 (figure13_newline_steering.exe); left pid=20172 (figure13_newline_steering.exe)
hmn watch: +10608.0s followed set changed: entered pid=10188 (SamsungMagician.exe); left pid=4956 (figure13_newline_steering.exe)
